[      93ms] [INFO] %cDownload the React DevTools for a better development experience: https://reactjs.org/link/react-devtools font-weight:bold @ http://localhost:5173/@fs/D:/cleak2/gui/node_modules/.vite/deps/chunk-XPR23Y44.js?v=a9ef280a:21548
[     110ms] TypeError: Cannot read properties of undefined (reading 'onStatus')
    at http://localhost:5173/lib/bridge.ts:8:32
    at commitHookEffectListMount (http://localhost:5173/@fs/D:/cleak2/gui/node_modules/.vite/deps/chunk-XPR23Y44.js?v=a9ef280a:16913:34)
    at commitPassiveMountOnFiber (http://localhost:5173/@fs/D:/cleak2/gui/node_modules/.vite/deps/chunk-XPR23Y44.js?v=a9ef280a:18154:19)
    at commitPassiveMountEffects_complete (http://localhost:5173/@fs/D:/cleak2/gui/node_modules/.vite/deps/chunk-XPR23Y44.js?v=a9ef280a:18127:17)
    at commitPassiveMountEffects_begin (http://localhost:5173/@fs/D:/cleak2/gui/node_modules/.vite/deps/chunk-XPR23Y44.js?v=a9ef280a:18117:15)
    at commitPassiveMountEffects (http://localhost:5173/@fs/D:/cleak2/gui/node_modules/.vite/deps/chunk-XPR23Y44.js?v=a9ef280a:18107:11)
    at flushPassiveEffectsImpl (http://localhost:5173/@fs/D:/cleak2/gui/node_modules/.vite/deps/chunk-XPR23Y44.js?v=a9ef280a:19488:11)
    at flushPassiveEffects (http://localhost:5173/@fs/D:/cleak2/gui/node_modules/.vite/deps/chunk-XPR23Y44.js?v=a9ef280a:19445:22)
    at http://localhost:5173/@fs/D:/cleak2/gui/node_modules/.vite/deps/chunk-XPR23Y44.js?v=a9ef280a:19326:17
    at workLoop (http://localhost:5173/@fs/D:/cleak2/gui/node_modules/.vite/deps/chunk-XPR23Y44.js?v=a9ef280a:195:42)
[     110ms] [ERROR] The above error occurred in the <App> component:

    at App (http://localhost:5173/App.tsx:24:3)

Consider adding an error boundary to your tree to customize error handling behavior.
Visit https://reactjs.org/link/error-boundaries to learn more about error boundaries. @ http://localhost:5173/@fs/D:/cleak2/gui/node_modules/.vite/deps/chunk-XPR23Y44.js?v=a9ef280a:14029
[     110ms] TypeError: Cannot read properties of undefined (reading 'onStatus')
    at http://localhost:5173/lib/bridge.ts:8:32
    at commitHookEffectListMount (http://localhost:5173/@fs/D:/cleak2/gui/node_modules/.vite/deps/chunk-XPR23Y44.js?v=a9ef280a:16913:34)
    at commitPassiveMountOnFiber (http://localhost:5173/@fs/D:/cleak2/gui/node_modules/.vite/deps/chunk-XPR23Y44.js?v=a9ef280a:18154:19)
    at commitPassiveMountEffects_complete (http://localhost:5173/@fs/D:/cleak2/gui/node_modules/.vite/deps/chunk-XPR23Y44.js?v=a9ef280a:18127:17)
    at commitPassiveMountEffects_begin (http://localhost:5173/@fs/D:/cleak2/gui/node_modules/.vite/deps/chunk-XPR23Y44.js?v=a9ef280a:18117:15)
    at commitPassiveMountEffects (http://localhost:5173/@fs/D:/cleak2/gui/node_modules/.vite/deps/chunk-XPR23Y44.js?v=a9ef280a:18107:11)
    at flushPassiveEffectsImpl (http://localhost:5173/@fs/D:/cleak2/gui/node_modules/.vite/deps/chunk-XPR23Y44.js?v=a9ef280a:19488:11)
    at flushPassiveEffects (http://localhost:5173/@fs/D:/cleak2/gui/node_modules/.vite/deps/chunk-XPR23Y44.js?v=a9ef280a:19445:22)
    at http://localhost:5173/@fs/D:/cleak2/gui/node_modules/.vite/deps/chunk-XPR23Y44.js?v=a9ef280a:19326:17
    at workLoop (http://localhost:5173/@fs/D:/cleak2/gui/node_modules/.vite/deps/chunk-XPR23Y44.js?v=a9ef280a:195:42)
[     117ms] [ERROR] Failed to load resource: the server responded with a status of 404 (Not Found) @ http://localhost:5173/favicon.ico:0
